// Jest Snapshot v1, https://goo.gl/fbAQLP

exports[`should render select list 1`] = `
<div>
  <label>
    test
  </label>
  <select
    defaultValue="test 1"
    onChange={[Function]}
  >
    <option
      value="test 1"
    >
      Test 1
    </option>
    <option
      value="test 2"
    >
      Test 2
    </option>
  </select>
</div>
`;
